[www.sonmatclean.com/index.html]
[backblue.gif]
[fade.gif]
[index.html]
[cdn.imweb.me/upload/S2023102748fb385e60340/382d2f10f4053.png]
[cdn.imweb.me/thumbnail/20240221/6f490c3c0fc61.png]
[cdn.imweb.me/thumbnail/20240221/515fcb0e158cf.png]
[cdn.imweb.me/thumbnail/20240221/28c580ec11304.png]
[cdn.imweb.me/thumbnail/20240221/5156a513b973a.png]
[cdn.imweb.me/thumbnail/20240221/feacfbe747666.png]
[cdn.imweb.me/thumbnail/20240221/844d8b1ae0c07.png]
[cdn.imweb.me/thumbnail/20240221/44ad119d725e1.png]
[cdn.imweb.me/thumbnail/20240221/228efa29e0654.png]
[cdn.imweb.me/thumbnail/20240221/a111cabd4054f.png]
[cdn.imweb.me/thumbnail/20240221/fea9ba04ef48b.png]
[cdn.imweb.me/thumbnail/20240221/1e7b9174d4bd5.png]
[cdn.imweb.me/thumbnail/20240221/8ad51ffdabdc2.png]
[cdn.imweb.me/thumbnail/20240221/26d5a373e36c3.png]
[cdn.imweb.me/thumbnail/20240221/31ad3caa0dc24.png]
[cdn.imweb.me/thumbnail/20240221/56c6c34514802.png]
[cdn.imweb.me/thumbnail/20240221/ffc8d82cc2116.png]
[cdn.imweb.me/thumbnail/20240221/60c72e1820998.png]
[vendor-cdn.imweb.me/minify_css/vendor_blue_10fd67.css]
[vendor-cdn.imweb.me/css/im_componenta183.css]
[vendor-cdn.imweb.me/css/site/alarm_menu1e8d.css]
[vendor-cdn.imweb.me/css/function9092.css]
[vendor-cdn.imweb.me/css/site/sitea559.css]
[vendor-cdn.imweb.me/css/site/site21b00.css]
[vendor-cdn.imweb.me/css/site/iefix27b18.css]
[vendor-cdn.imweb.me/css/animate6c3e.css]
[vendor-cdn.imweb.me/css/chosen4863.css]
[vendor-cdn.imweb.me/fonts/im-icon/style2cb4.css]
[vendor-cdn.imweb.me/css/iib909.css]
[vendor-cdn.imweb.me/fonts/pretendard/web/static/pretendard3afe.css]
[vendor-cdn.imweb.me/fonts/froala-emoji-tap/style9fbd.css]
[www.sonmatclean.com/css/custom9703.css]
[vendor-cdn.imweb.me/css/tailwind7b65.css]
[vendor-cdn.imweb.me/css/emoji9fbd.css]
[vendor-cdn.imweb.me/css/font-awesome5.min6a29.css]
[www.sonmatclean.com/js/oms/styleb9dd.css]
[vendor-cdn.imweb.me/js/jquerya558.js]
[vendor-cdn.imweb.me/js/jquery-ui.designb253.js]
[vendor-cdn.imweb.me/js/lodash.mind91c.js]
[unpkg.com/vue@3.5.13/dist/vue.global.prod.js]
[vendor-cdn.imweb.me/js/axios.min3f46.js]
[browser.sentry-cdn.com/8.43.0/bundle.min.js]
[www.sonmatclean.com/Lw==]
[www.sonmatclean.com/img/transparency.png]
[t1.daumcdn.net/mapjsapi/bundle/postcode/prod/postcode.v2.js]
[player.vimeo.com/api/player.js]
[www.sonmatclean.com/common/img/default_profile.png]
[www.sonmatclean.com/logout4d32.html]
[cdn.imweb.me/thumbnail/20240422/3dbc2d5631189.png]
[www.sonmatclean.com/home.html]
[www.sonmatclean.com/28.html]
[www.sonmatclean.com/44.html]
[www.sonmatclean.com/45.html]
[www.sonmatclean.com/47.html]
[www.sonmatclean.com/29.html]
[cdn.imweb.me/upload/S2023102748fb385e60340/9b86cd27bb8bf.png]
[cdn.imweb.me/upload/S2023102748fb385e60340/3656c25f6188b.png]
[cdn.imweb.me/thumbnail/20240422/77cbc115ea335.png]
[cdn.imweb.me/thumbnail/20240206/ef2374c3f467d.png]
[cdn.imweb.me/thumbnail/20240206/95f55f99ffd83.png]
[cdn.imweb.me/thumbnail/20240206/30015df219dfc.png]
[cdn.imweb.me/thumbnail/20240206/744e2d55842a8.png]
[www.sonmatclean.com/S2023102748fb385e60340/1b98ac8d0f603.png]
[cdn.imweb.me/thumbnail/20240206/24716796abe70.png]
[www.sonmatclean.com/S2023102748fb385e60340/4abfe0ca67e59.png]
[cdn.imweb.me/thumbnail/20240206/5396f2cfb714b.png]
[www.sonmatclean.com/S2023102748fb385e60340/23172b3370ea3.png]
[cdn.imweb.me/thumbnail/20240206/ce5b7d7236ebf.png]
[www.sonmatclean.com/S2023102748fb385e60340/c235d7b41f4c9.jpg]
[cdn.imweb.me/thumbnail/20240202/44d26377336a6.jpg]
[www.sonmatclean.com/S2023102748fb385e60340/b692e1433a970.jpg]
[cdn.imweb.me/thumbnail/20240202/b237623df6826.jpg]
[www.sonmatclean.com/S2023102748fb385e60340/0c5ac724c98d2.jpg]
[cdn.imweb.me/thumbnail/20240206/69ac98603a170.jpg]
[www.sonmatclean.com/S2023102748fb385e60340/bffbe515043dc.jpg]
[www.sonmatclean.com/3d-starter]
[cdn.imweb.me/thumbnail/20240126/6c9d9f95b22a4.jpg]
[www.sonmatclean.com/S2023102748fb385e60340/4e884a21db18b.png]
[cdn.imweb.me/thumbnail/20240221/af171b1978565.png]
[www.sonmatclean.com/S2023102748fb385e60340/2b2349c91e465.png]
[cdn.imweb.me/thumbnail/20240221/9596d701a04bb.png]
[www.sonmatclean.com/S2023102748fb385e60340/7cebf93cf3a09.png]
[cdn.imweb.me/thumbnail/20240206/2ef96be9c2984.png]
[www.sonmatclean.com/S2023102748fb385e60340/8993017d920d0.png]
[cdn.imweb.me/thumbnail/20240206/17276c9cd424b.png]
[www.sonmatclean.com/S2023102748fb385e60340/6dd7149d942c6.png]
[cdn.imweb.me/thumbnail/20240206/87f22e3ef0df4.png]
[www.sonmatclean.com/S2023102748fb385e60340/cf71a4a5766b3.png]
[cdn.imweb.me/thumbnail/20240206/6f6944b364882.png]
[www.sonmatclean.com/S2023102748fb385e60340/694c40513c48e.jpg]
[cdn.imweb.me/thumbnail/20240221/a0ec50f35e8d2.png]
[www.sonmatclean.com/S2023102748fb385e60340/694a0b3e12109.png]
[cdn.imweb.me/thumbnail/20240221/613c2ffa1b475.png]
[www.sonmatclean.com/S2023102748fb385e60340/ffb2545a3a228.png]
[cdn.imweb.me/thumbnail/20240221/db3298a350aca.png]
[www.sonmatclean.com/S2023102748fb385e60340/5700c6c877e33.png]
[cdn.imweb.me/thumbnail/20240221/96d48a431a4d8.png]
[www.sonmatclean.com/S2023102748fb385e60340/dc67d10b71bdb.png]
[cdn.imweb.me/thumbnail/20240221/1f5d954be16ce.png]
[www.sonmatclean.com/S2023102748fb385e60340/7edf45500173b.png]
[cdn.imweb.me/thumbnail/20240221/6621dc213451f.png]
[www.sonmatclean.com/S2023102748fb385e60340/59321394643eb.jpg]
[cdn.imweb.me/thumbnail/20240221/214979dc1f03e.png]
[www.sonmatclean.com/S2023102748fb385e60340/846f8664d591d.jpg]
[cdn.imweb.me/thumbnail/20240422/47c2342d1b03a.png]
[cdn.imweb.me/thumbnail/20240124/f87323abe287d.png]
[cdn.imweb.me/thumbnail/20240124/642c858223d47.png]
[cdn.imweb.me/thumbnail/20240124/ffc8146ec2b8f.png]
[cdn.imweb.me/thumbnail/20240124/3ab415c2a2897.png]
[www.sonmatclean.com/S2023102748fb385e60340/42df6cae0e3ba.png]
[cdn.imweb.me/thumbnail/20240201/9c17ea2903f7d.png]
[www.sonmatclean.com/S2023102748fb385e60340/c5201b533b5b9.png]
[cdn.imweb.me/thumbnail/20240205/6c311a683f10a.png]
[www.sonmatclean.com/S2023102748fb385e60340/40ffac9062551.png]
[cdn.imweb.me/thumbnail/20240205/5566451d2f3de.png]
[cdn.imweb.me/thumbnail/20240202/fd174ff0323fd.png]
[cdn.imweb.me/thumbnail/20240202/dfa3f394d64f2.png]
[cdn.imweb.me/thumbnail/20240202/6aa75fec712b8.png]
[cdn.imweb.me/thumbnail/20240202/0a50c0cb56214.png]
[www.sonmatclean.com/S2023102748fb385e60340/496cce8c52be9.jpg]
[cdn.imweb.me/thumbnail/20240202/bcfb626acfcca.jpg]
[www.sonmatclean.com/S2023102748fb385e60340/2962ec7dcd22f.jpg]
[cdn.imweb.me/thumbnail/20240202/2c1755758a731.jpg]
[www.sonmatclean.com/S2023102748fb385e60340/b3f7a0ea0a042.jpg]
[cdn.imweb.me/thumbnail/20240202/1a0ee0edb9612.jpg]
[www.sonmatclean.com/S2023102748fb385e60340/b57b0280a5f3f.jpg]
[cdn.imweb.me/thumbnail/20240202/cfefa69dae8e3.jpg]
[www.sonmatclean.com/S2023102748fb385e60340/4000c0ec17600.jpg]
[cdn.imweb.me/thumbnail/20240422/4361a4f5a48f7.jpg]
[www.sonmatclean.com/S2023102748fb385e60340/ae10ee32ddb04.jpg]
[cdn.imweb.me/thumbnail/20240422/576b36b02582f.jpg]
[cdn.imweb.me/thumbnail/20231201/e936a6bbbc4b6.png]
[vendor-cdn.imweb.me/js/bootstrap.min2bcc.js]
[vendor-cdn.imweb.me/js/jquery.fileupload98f3.js]
[vendor-cdn.imweb.me/js/jquery.lazyload.min98f3.js]
[www.sonmatclean.com/js/localize/KR_KRW_currency6fd1.js]
[www.sonmatclean.com/js/brandscope29ef.js]
[vendor-cdn.imweb.me/js/common54d8.js]
[vendor-cdn.imweb.me/js/im_componentc0ee.js]
[vendor-cdn.imweb.me/js/site_common447e.js]
[vendor-cdn.imweb.me/js/imagesloaded.pkgd.min98f3.js]
[vendor-cdn.imweb.me/js/jquery.smooth-scroll.min98f3.js]
[vendor-cdn.imweb.me/js/gambit-smoothscroll-min98f3.js]
[vendor-cdn.imweb.me/js/ThreeCanvasd439.js]
[vendor-cdn.imweb.me/js/snowd439.js]
[vendor-cdn.imweb.me/js/masonry.pkgd.min98f3.js]
[vendor-cdn.imweb.me/js/lightgallery-all.min4a26.js]
[vendor-cdn.imweb.me/js/bootstrap.slide-menu98f3.js]
[vendor-cdn.imweb.me/js/bootstrap.slide-menu-alarm98f3.js]
[vendor-cdn.imweb.me/js/bootstrap-hover-dropdown.min98f3.js]
[vendor-cdn.imweb.me/js/jquery-scrolltofixed79bd.js]
[vendor-cdn.imweb.me/js/jquery.trackpad-scroll-emulator98f3.js]
[vendor-cdn.imweb.me/js/modernizr.custom98f3.js]
[vendor-cdn.imweb.me/js/classie98f3.js]
[vendor-cdn.imweb.me/js/jquery.exif98f3.js]
[vendor-cdn.imweb.me/js/jquery.canvasResize98f3.js]
[vendor-cdn.imweb.me/js/autosize98f3.js]
[vendor-cdn.imweb.me/js/owl.carousel21338.js]
[vendor-cdn.imweb.me/js/slick.min98f3.js]
[www.sonmatclean.com/js/preview_modebbdb.js]
[www.sonmatclean.com/js/siteb448.js]
[www.sonmatclean.com/js/site_memberafb4.js]
[www.sonmatclean.com/js/mobile_menu8e73.js]
[www.sonmatclean.com/js/sns_share492e.js]
[www.sonmatclean.com/js/android_image_upload9fbd.js]
[www.sonmatclean.com/js/alarm_menu1712.js]
[www.sonmatclean.com/js/alarm_badge01f7.js]
[www.sonmatclean.com/js/one_paged74e.js]
[www.sonmatclean.com/js/site_couponf52e.js]
[www.sonmatclean.com/js/secret_article5e60.js]
[www.sonmatclean.com/js/article_reactionc0ba.js]
[www.sonmatclean.com/js/site_shopd729.js]
[www.sonmatclean.com/js/board_common8f6c.js]
[www.sonmatclean.com/js/site_shop_mypage7149.js]
[www.sonmatclean.com/js/site_searchce3a.js]
[www.sonmatclean.com/js/zipcode_daumb682.js]
[www.sonmatclean.com/js/site_booking2b7e.js]
[www.sonmatclean.com/js/site_sectioneada.js]
[vendor-cdn.imweb.me/js/jquery.number.min98f3.js]
[vendor-cdn.imweb.me/js/nprogress98f3.js]
[vendor-cdn.imweb.me/js/tinycolor-min98f3.js]
[www.sonmatclean.com/js/app3d23.js]
[www.sonmatclean.com/js/header_fixed_menu9092.js]
[www.sonmatclean.com/js/header_more_menu1268.js]
[www.sonmatclean.com/js/header_center_colgroup2d7c.js]
[www.sonmatclean.com/js/mobile_carousel_menu9529.js]
[www.sonmatclean.com/js/header_mega_dropdown5e5e.js]
[www.sonmatclean.com/js/header_overlay3d23.js]
[www.sonmatclean.com/js/site_log6a6b.js]
[www.sonmatclean.com/js/advanced_trace24e5.js]
[www.sonmatclean.com/js/site_animation13c7.js]
[www.sonmatclean.com/js/site_event_check8194.js]
[www.sonmatclean.com/js/site_widgetbd0e.js]
[vendor-cdn.imweb.me/js/moment.min7b42.js]
[vendor-cdn.imweb.me/js/moment-with-locales98f3.js]
[vendor-cdn.imweb.me/js/bootstrap-datepicker7e4f.js]
[vendor-cdn.imweb.me/js/jquery.timepicker.min98f3.js]
[vendor-cdn.imweb.me/js/ie-checker-min98f3.js]
[www.sonmatclean.com/js/channel_plugin3091.js]
[vendor-cdn.imweb.me/js/jquery.chosen5750.js]
[www.sonmatclean.com/js/device_uuid6be1.js]
[wcs.naver.net/wcslog.js]
[vendor-cdn.imweb.me/dist/oms-shop-bridge/oms-shop-bridge.iife08aa.js]
[www.sonmatclean.com/js/oms/front-officeb9dd.js]
[www.sonmatclean.com/js/fo-shop-my-page/main3fa5.js]
[static-cdn.crm.imweb.me/sdk/main.min.js]
[www.sonmatclean.com/js/gallery59ff.js]
[vendor-cdn.imweb.me/js/froogaloop2.min98f3.js]
[www.sonmatclean.com/index.html]
[vendor-cdn.imweb.me/minify_css/vendor_blue_10fd67.css]
[vendor-cdn.imweb.me/minify_css/vendor_red_10fd67.css]
[vendor-cdn.imweb.me/css/im_componenta183.css]
[vendor-cdn.imweb.me/css/site/alarm_menu1e8d.css]
[vendor-cdn.imweb.me/css/function9092.css]
[www.sonmatclean.com/js/image1a78.js]
[vendor-cdn.imweb.me/images/admin/design/ico_spinner.png]
[vendor-cdn.imweb.me/images/site/nav-logout-offe378.png]
[vendor-cdn.imweb.me/images/site/nav-logoutc65e.png]
[vendor-cdn.imweb.me/images/site/widget_add_icon3b38.png]
[vendor-cdn.imweb.me/images/site/file_icon5427.png]
[vendor-cdn.imweb.me/images/common/play_icon.png]
[vendor-cdn.imweb.me/images/site/social_icon3.png]
[vendor-cdn.imweb.me/images/site/social_icon.png]
[vendor-cdn.imweb.me/images/site/ico_confirm.png]
[vendor-cdn.imweb.me/images/site/profile_icon35e4.png]
[vendor-cdn.imweb.me/images/site/btn_widget_iconced0.png]
[vendor-cdn.imweb.me/images/site/img_empty_state42d3.png]
[vendor-cdn.imweb.me/images/site/logo_doznut8177.png]
[vendor-cdn.imweb.me/images/site/traffic2204.png]
[vendor-cdn.imweb.me/images/site/round-check-offf46a.png]
[vendor-cdn.imweb.me/images/site/round-check-on24d1.png]
[vendor-cdn.imweb.me/css/site/sitea559.css]
[vendor-cdn.imweb.me/images/pc_npay_talk.png]
[vendor-cdn.imweb.me/images/pc_kakaopay_wish.png]
[vendor-cdn.imweb.me/images/logo_kakao_channel.png]
[vendor-cdn.imweb.me/images/site/m_option_close_btn.png]
[vendor-cdn.imweb.me/css/site/site21b00.css]
[vendor-cdn.imweb.me/css/site/iefix27b18.css]
[vendor-cdn.imweb.me/css/animate6c3e.css]
[vendor-cdn.imweb.me/images/chosen/chosen-sprite.png]
[vendor-cdn.imweb.me/images/chosen/chosen-sprite@2x.png]
[vendor-cdn.imweb.me/css/chosen4863.css]
[vendor-cdn.imweb.me/css/chosenImage4e9c.css]
[vendor-cdn.imweb.me/fonts/im-icon/fonts/im-icon7d84.eot]
[vendor-cdn.imweb.me/fonts/im-icon/fonts/im-icon7d84.ttf]
[vendor-cdn.imweb.me/fonts/im-icon/fonts/im-icon7d84.woff]
[vendor-cdn.imweb.me/fonts/im-icon/style2cb4.css]
[vendor-cdn.imweb.me/css/iib909.css]
[vendor-cdn.imweb.me/fonts/im-icon/fonts/im-icon7d84.svg]
[vendor-cdn.imweb.me/fonts/pretendard/web/variable/woff2/PretendardVariable.woff2]
[vendor-cdn.imweb.me/fonts/pretendard/web/variable/pretendardvariable3afe.css]
[vendor-cdn.imweb.me/fonts/pretendard/web/static/woff2/Pretendard-Black.woff2]
[vendor-cdn.imweb.me/fonts/pretendard/web/static/woff/Pretendard-Black.woff]
[vendor-cdn.imweb.me/fonts/pretendard/web/static/woff2/Pretendard-ExtraBold.woff2]
[vendor-cdn.imweb.me/fonts/pretendard/web/static/woff/Pretendard-ExtraBold.woff]
[vendor-cdn.imweb.me/fonts/pretendard/web/static/woff2/Pretendard-Bold.woff2]
[vendor-cdn.imweb.me/fonts/pretendard/web/static/woff/Pretendard-Bold.woff]
[vendor-cdn.imweb.me/fonts/pretendard/web/static/woff2/Pretendard-SemiBold.woff2]
[vendor-cdn.imweb.me/fonts/pretendard/web/static/woff/Pretendard-SemiBold.woff]
[vendor-cdn.imweb.me/fonts/pretendard/web/static/woff2/Pretendard-Medium.woff2]
[vendor-cdn.imweb.me/fonts/pretendard/web/static/woff/Pretendard-Medium.woff]
[vendor-cdn.imweb.me/fonts/pretendard/web/static/woff2/Pretendard-Regular.woff2]
[vendor-cdn.imweb.me/fonts/pretendard/web/static/woff/Pretendard-Regular.woff]
[vendor-cdn.imweb.me/fonts/pretendard/web/static/woff2/Pretendard-Light.woff2]
[vendor-cdn.imweb.me/fonts/pretendard/web/static/woff/Pretendard-Light.woff]
[vendor-cdn.imweb.me/fonts/pretendard/web/static/woff2/Pretendard-ExtraLight.woff2]
[vendor-cdn.imweb.me/fonts/pretendard/web/static/woff/Pretendard-ExtraLight.woff]
[vendor-cdn.imweb.me/fonts/pretendard/web/static/woff2/Pretendard-Thin.woff2]
[vendor-cdn.imweb.me/fonts/pretendard/web/static/woff/Pretendard-Thin.woff]
[vendor-cdn.imweb.me/fonts/pretendard/web/static/pretendard3afe.css]
[vendor-cdn.imweb.me/fonts/froala-emoji-tap/fonts/froala-emoji-tapbde6.eot]
[vendor-cdn.imweb.me/fonts/froala-emoji-tap/fonts/froala-emoji-tapbde6.ttf]
[vendor-cdn.imweb.me/fonts/froala-emoji-tap/fonts/froala-emoji-tapbde6.woff]
[vendor-cdn.imweb.me/fonts/froala-emoji-tap/style9fbd.css]
[vendor-cdn.imweb.me/css/nanumbarungothic6654.css]
[fonts.googleapis.com/earlyaccess/nanumgothic.css]
[vendor-cdn.imweb.me/images/naver_login2x.png]
[vendor-cdn.imweb.me/images/kakao_icon.png]
[vendor-cdn.imweb.me/images/google_icon.png]
[www.sonmatclean.com/css/custom9703.css]
[vendor-cdn.imweb.me/images/main/price/free_new_bg.png]
[vendor-cdn.imweb.me/images/main/price/pro_new_bg.png]
[vendor-cdn.imweb.me/images/main/price/starter_new_bg.png]
[vendor-cdn.imweb.me/images/main/price/global_new_bg.png]
[vendor-cdn.imweb.me/images/admin/shopping/dropdown_arrow.png]
[vendor-cdn.imweb.me/css/tailwind7b65.css]
[vendor-cdn.imweb.me/css/emoji9fbd.css]
[vendor-cdn.imweb.me/css/font-awesome5.min6a29.css]
[www.sonmatclean.com/js/oms/styleb9dd.css]
[vendor-cdn.imweb.me/css/nanumbarunpen.css]
[vendor-cdn.imweb.me/css/montserrat_vetnamese.css]
[www.sonmatclean.com/upload/index.html]
[www.sonmatclean.com/Lw==.html]
[www.sonmatclean.com/thumbnail/index.html]
[www.sonmatclean.com/logout4d32.html]
[www.sonmatclean.com/js/brandscope.js]
[www.sonmatclean.com/L2hvbWU=.115.delayed]
[www.sonmatclean.com/home.html]
[www.sonmatclean.com/logoutb5de.html]
[www.sonmatclean.com/LzI4.117.delayed]
[www.sonmatclean.com/logout822c.html]
[cdn.imweb.me/thumbnail/20240220/e4b2afed1ab79.png]
[www.sonmatclean.com/S2023102748fb385e60340/da4cb4652e577.11a.delayed]
[cdn.imweb.me/thumbnail/20240221/5474a8c2d56eb.jpg]
[www.sonmatclean.com/S2023102748fb385e60340/3cdfca12f2923.11c.delayed]
[cdn.imweb.me/thumbnail/20240221/f95b3c7407907.jpg]
[www.sonmatclean.com/S2023102748fb385e60340/3d7e8405d9a06.11e.delayed]
[cdn.imweb.me/thumbnail/20240221/9e8a5dee0666d.jpg]
[www.sonmatclean.com/S2023102748fb385e60340/8413d803fc46d.120.delayed]
[cdn.imweb.me/thumbnail/20240221/bb058ff5206e1.png]
[www.sonmatclean.com/S2023102748fb385e60340/351014b757c31.122.delayed]
[cdn.imweb.me/thumbnail/20240221/2339cb272b567.png]
[www.sonmatclean.com/S2023102748fb385e60340/179c8b8c10438.124.delayed]
[cdn.imweb.me/thumbnail/20240221/6a372be22efe0.png]
[www.sonmatclean.com/S2023102748fb385e60340/160a988c9c24f.126.delayed]
[cdn.imweb.me/thumbnail/20240221/ae18fab5668cd.png]
[www.sonmatclean.com/S2023102748fb385e60340/5ca2c2adbb995.png]
[cdn.imweb.me/thumbnail/20240221/c8951d21a72c1.png]
[www.sonmatclean.com/S2023102748fb385e60340/0c3f8af913b09.png]
[cdn.imweb.me/thumbnail/20240221/c6a1527f0ea1e.png]
[www.sonmatclean.com/S2023102748fb385e60340/3a668d8762ba1.png]
[cdn.imweb.me/thumbnail/20240221/6917b587f30f8.png]
[www.sonmatclean.com/S2023102748fb385e60340/169b370ec1526.png]
[cdn.imweb.me/thumbnail/20240221/8969a6fea9c51.png]
[www.sonmatclean.com/S2023102748fb385e60340/5153bbe1e90cd.png]
[cdn.imweb.me/thumbnail/20240221/413ec79b7c623.png]
[www.sonmatclean.com/S2023102748fb385e60340/37f005b8c5cb2.png]
[cdn.imweb.me/thumbnail/20240221/9ef802394e968.png]
[www.sonmatclean.com/S2023102748fb385e60340/3a460ddca03b0.png]
[cdn.imweb.me/thumbnail/20240221/421640f602c55.png]
[www.sonmatclean.com/S2023102748fb385e60340/6eadac1be3fa4.jpg]
[cdn.imweb.me/thumbnail/20240220/8e1793c370076.jpg]
[www.sonmatclean.com/S2023102748fb385e60340/c2ff2fe0d51a3.jpg]
[cdn.imweb.me/thumbnail/20240220/37a81abd16c4c.jpg]
[www.sonmatclean.com/S2023102748fb385e60340/a5c3a7b93b62e.png]
[cdn.imweb.me/thumbnail/20240221/f66b11478e276.png]
[www.sonmatclean.com/S2023102748fb385e60340/40ce881876bc3.png]
[cdn.imweb.me/thumbnail/20240221/445f188416879.png]
[www.sonmatclean.com/S2023102748fb385e60340/8afa82bddcd04.png]
[cdn.imweb.me/thumbnail/20240221/f38f422811ecf.png]
[www.sonmatclean.com/S2023102748fb385e60340/84ca0d6177ec5.png]
[cdn.imweb.me/thumbnail/20240221/be3bcacb94627.png]
[www.sonmatclean.com/S2023102748fb385e60340/08b8ac49b12ea.png]
[cdn.imweb.me/thumbnail/20240221/a02ba8477db94.png]
[www.sonmatclean.com/S2023102748fb385e60340/ff6fe7f0e5b82.png]
[cdn.imweb.me/thumbnail/20240221/930475110ee83.png]
[www.sonmatclean.com/S2023102748fb385e60340/7b2b1584e5e97.png]
[cdn.imweb.me/thumbnail/20240221/8cf6ebdf5d53f.png]
[www.sonmatclean.com/S2023102748fb385e60340/6a7883f69ff4d.png]
[cdn.imweb.me/thumbnail/20240221/19b509b14ba58.png]
[www.sonmatclean.com/S2023102748fb385e60340/27be45126fc39.jpg]
[cdn.imweb.me/thumbnail/20240221/32980aabc5c01.jpg]
[www.sonmatclean.com/S2023102748fb385e60340/0e2b297bda822.jpg]
[cdn.imweb.me/thumbnail/20240430/adc31a590537d.jpg]
[www.sonmatclean.com/S2023102748fb385e60340/095bdb614a69d.jpg]
[cdn.imweb.me/thumbnail/20240430/6195db05586b3.jpg]
[www.sonmatclean.com/S2023102748fb385e60340/091a1092dcb6d.jpg]
[cdn.imweb.me/thumbnail/20240430/eb811bafa5eca.jpg]
[www.sonmatclean.com/S2023102748fb385e60340/af8e4b25069bd.jpg]
[cdn.imweb.me/thumbnail/20240430/b456599ad9fbc.jpg]
[www.sonmatclean.com/S2023102748fb385e60340/3cb00e83b12d4.jpg]
[cdn.imweb.me/thumbnail/20240430/5f8a394033f06.jpg]
[www.sonmatclean.com/S2023102748fb385e60340/f1f3376cd30c8.jpg]
[cdn.imweb.me/thumbnail/20240430/64556774baab1.jpg]
[www.sonmatclean.com/S2023102748fb385e60340/e0aa7426db4bc.jpg]
[cdn.imweb.me/thumbnail/20240430/cc1cf7e066d38.jpg]
[www.sonmatclean.com/S2023102748fb385e60340/37a0e61d6fa68.jpg]
[cdn.imweb.me/thumbnail/20240430/b75456f4a38ee.jpg]
[www.sonmatclean.com/S2023102748fb385e60340/f75d94dff22c4.jpg]
[cdn.imweb.me/thumbnail/20240430/096f448eca14f.jpg]
[cdn.imweb.me/thumbnail/20240220/273c72b2c7800.png]
[www.sonmatclean.com/28.html]
[www.sonmatclean.com/js/site_form24f6.js]
[www.sonmatclean.com/LzQ0.160.delayed]
[www.sonmatclean.com/logoutbcae.html]
[cdn.imweb.me/thumbnail/20240220/0435f7cfe9f91.png]
[www.sonmatclean.com/S2023102748fb385e60340/02010fb0de637.jpg]
[cdn.imweb.me/thumbnail/20240220/ebdd0c128adee.jpg]
[www.sonmatclean.com/S2023102748fb385e60340/0e9ea93db3a5e.jpg]
[cdn.imweb.me/thumbnail/20240220/b458959350a02.jpg]
[www.sonmatclean.com/S2023102748fb385e60340/d2038952f13bb.jpg]
[cdn.imweb.me/thumbnail/20240220/5d816dbd94b0c.jpg]
[www.sonmatclean.com/S2023102748fb385e60340/27b78f31ebc55.jpg]
[cdn.imweb.me/thumbnail/20240221/8466f08efe845.jpg]
[www.sonmatclean.com/S2023102748fb385e60340/2e977ebe2da9c.jpg]
[cdn.imweb.me/thumbnail/20240221/e654e290b08a6.jpg]
[www.sonmatclean.com/S2023102748fb385e60340/c18467c09d189.jpg]
[cdn.imweb.me/thumbnail/20240221/1246627add6d7.jpg]
[www.sonmatclean.com/S2023102748fb385e60340/e2bbb4a9124c2.jpg]
[cdn.imweb.me/thumbnail/20240221/f8224865a647b.jpg]
[www.sonmatclean.com/S2023102748fb385e60340/925e681468966.png]
[cdn.imweb.me/thumbnail/20240221/c072d53d2ef28.png]
[www.sonmatclean.com/44.html]
[www.sonmatclean.com/LzQ1]
[www.sonmatclean.com/logout71ae.html]
[cdn.imweb.me/thumbnail/20240220/9ffc1bf773bef.png]
[www.sonmatclean.com/S2023102748fb385e60340/c26dd6865893e.jpg]
[cdn.imweb.me/thumbnail/20240220/fa50a90f8dfcc.jpg]
[www.sonmatclean.com/S2023102748fb385e60340/930f544720c26.jpg]
[cdn.imweb.me/thumbnail/20240220/1b93a6ead44c9.jpg]
[www.sonmatclean.com/S2023102748fb385e60340/57a8230639db7.jpg]
[cdn.imweb.me/thumbnail/20240220/174af1d7c02ad.jpg]
[www.sonmatclean.com/S2023102748fb385e60340/4feca168b8838.jpg]
[cdn.imweb.me/thumbnail/20240220/d9bb84a01a353.jpg]
[www.sonmatclean.com/S2023102748fb385e60340/d0582e5fcdc44.png]
[cdn.imweb.me/thumbnail/20240221/0469eb7be8bef.png]
[www.sonmatclean.com/S2023102748fb385e60340/bf1ede28d6266.png]
[cdn.imweb.me/thumbnail/20240221/b653872a3d563.png]
[www.sonmatclean.com/S2023102748fb385e60340/e8138b2845ba0.png]
[cdn.imweb.me/thumbnail/20240221/fb8bba0ce0b54.png]
[www.sonmatclean.com/S2023102748fb385e60340/6b8c8254deb44.jpg]
[cdn.imweb.me/thumbnail/20240221/e4b64b0787dd7.jpg]
[www.sonmatclean.com/S2023102748fb385e60340/f892f6fd25e1a.jpg]
[cdn.imweb.me/thumbnail/20240221/9256825b2fb69.jpg]
[www.sonmatclean.com/S2023102748fb385e60340/7b3449845b47e.jpg]
[cdn.imweb.me/thumbnail/20240221/3cc41e254b58c.jpg]
[www.sonmatclean.com/S2023102748fb385e60340/c8d818e956a6d.png]
[cdn.imweb.me/thumbnail/20240221/4f982d219c28b.png]
[www.sonmatclean.com/S2023102748fb385e60340/d00ca5f9f6c77.png]
[cdn.imweb.me/thumbnail/20240221/ff35e3a131cc3.png]
[www.sonmatclean.com/S2023102748fb385e60340/14baced7af325.png]
[cdn.imweb.me/thumbnail/20240221/e4f3df198b8e8.png]
[www.sonmatclean.com/S2023102748fb385e60340/a4b4d7707245c.png]
[cdn.imweb.me/thumbnail/20240221/74cae9d70cab1.png]
[www.sonmatclean.com/45.html]
[www.sonmatclean.com/LzQ3]
[www.sonmatclean.com/logoutac9b.html]
[cdn.imweb.me/thumbnail/20240220/709152442cd59.png]
[www.sonmatclean.com/S2023102748fb385e60340/6f877fee17408.jpg]
[cdn.imweb.me/thumbnail/20240220/fedbc3537372b.jpg]
[www.sonmatclean.com/S2023102748fb385e60340/3549517e84377.jpg]
[cdn.imweb.me/thumbnail/20240220/d8981ef3d6d27.jpg]
[www.sonmatclean.com/S2023102748fb385e60340/4f23af570166e.jpg]
[cdn.imweb.me/thumbnail/20240220/a5a8003b2d32c.jpg]
[www.sonmatclean.com/S2023102748fb385e60340/437a4fe2ca7eb.jpg]
[cdn.imweb.me/thumbnail/20240221/47172e1a7be59.jpg]
[www.sonmatclean.com/S2023102748fb385e60340/70ba4da19866f.jpg]
[cdn.imweb.me/thumbnail/20240221/b92a2f5c6c782.jpg]
[www.sonmatclean.com/S2023102748fb385e60340/add24114a27b2.jpg]
[cdn.imweb.me/thumbnail/20240221/c04baed89a2e7.jpg]
[www.sonmatclean.com/S2023102748fb385e60340/57a4a673de716.jpg]
[cdn.imweb.me/thumbnail/20240221/5b7bf0d69e012.jpg]
[www.sonmatclean.com/S2023102748fb385e60340/5117c1f9605ef.jpg]
[cdn.imweb.me/thumbnail/20240221/4400965fd5acc.jpg]
[www.sonmatclean.com/S2023102748fb385e60340/6a379afad9aca.jpg]
[cdn.imweb.me/thumbnail/20240221/cc28a7801b812.jpg]
[www.sonmatclean.com/S2023102748fb385e60340/46cc9d6b0204a.png]
[cdn.imweb.me/thumbnail/20240221/73ed90817d3a8.png]
[www.sonmatclean.com/47.html]
[www.sonmatclean.com/LzI5]
[www.sonmatclean.com/logout0786.html]
[cdn.imweb.me/thumbnail/20240124/37b61e997e522.png]
[cdn.imweb.me/thumbnail/20240124/aec95fd779fd1.png]
[www.sonmatclean.com/29.html]
[www.sonmatclean.com/S2023102748fb385e60340/1b98ac8d0f603.html]
[www.sonmatclean.com/S2023102748fb385e60340/4abfe0ca67e59.html]
[www.sonmatclean.com/S2023102748fb385e60340/23172b3370ea3.html]
[www.sonmatclean.com/S2023102748fb385e60340/c235d7b41f4c9.html]
[www.sonmatclean.com/S2023102748fb385e60340/b692e1433a970.html]
[www.sonmatclean.com/S2023102748fb385e60340/0c5ac724c98d2.html]
[www.sonmatclean.com/S2023102748fb385e60340/bffbe515043dc.html]
[www.sonmatclean.com/3d-starter.html]
[www.sonmatclean.com/S2023102748fb385e60340/4e884a21db18b.html]
[www.sonmatclean.com/S2023102748fb385e60340/2b2349c91e465.html]
[www.sonmatclean.com/S2023102748fb385e60340/7cebf93cf3a09.html]
[www.sonmatclean.com/S2023102748fb385e60340/8993017d920d0.html]
[www.sonmatclean.com/S2023102748fb385e60340/6dd7149d942c6.html]
[www.sonmatclean.com/S2023102748fb385e60340/cf71a4a5766b3.html]
[www.sonmatclean.com/S2023102748fb385e60340/694c40513c48e.html]
[www.sonmatclean.com/S2023102748fb385e60340/694a0b3e12109.html]
[www.sonmatclean.com/S2023102748fb385e60340/ffb2545a3a228.html]
[www.sonmatclean.com/S2023102748fb385e60340/5700c6c877e33.html]
[www.sonmatclean.com/S2023102748fb385e60340/dc67d10b71bdb.html]
[www.sonmatclean.com/S2023102748fb385e60340/7edf45500173b.html]
[www.sonmatclean.com/S2023102748fb385e60340/59321394643eb.html]
[www.sonmatclean.com/S2023102748fb385e60340/846f8664d591d.html]
[www.sonmatclean.com/S2023102748fb385e60340/42df6cae0e3ba.html]
[www.sonmatclean.com/S2023102748fb385e60340/c5201b533b5b9.html]
[www.sonmatclean.com/S2023102748fb385e60340/40ffac9062551.html]
[www.sonmatclean.com/S2023102748fb385e60340/496cce8c52be9.html]
[www.sonmatclean.com/S2023102748fb385e60340/2962ec7dcd22f.html]
[www.sonmatclean.com/S2023102748fb385e60340/b3f7a0ea0a042.html]
[www.sonmatclean.com/S2023102748fb385e60340/b57b0280a5f3f.html]
[www.sonmatclean.com/S2023102748fb385e60340/4000c0ec17600.html]
[www.sonmatclean.com/S2023102748fb385e60340/ae10ee32ddb04.html]
[vendor-cdn.imweb.me/fonts/im-icon/fonts/im-icon7d84.svg]
[vendor-cdn.imweb.me/fonts/froala-emoji-tap/fonts/froala-emoji-tapbde6.svg]
[vendor-cdn.imweb.me/css/nanumbarungothic6654.css]
[vendor-cdn.imweb.me/css/roboto_vetnamese.css]
[fonts.googleapis.com/earlyaccess/nanumgothic.css]
[www.sonmatclean.com/L2hvbWU=.html]
[www.sonmatclean.com/logoutb5de.html]
[www.sonmatclean.com/LzI4.html]
[www.sonmatclean.com/logout822c.html]
[www.sonmatclean.com/S2023102748fb385e60340/da4cb4652e577.html]
[www.sonmatclean.com/S2023102748fb385e60340/3cdfca12f2923.html]
[www.sonmatclean.com/S2023102748fb385e60340/3d7e8405d9a06.html]
[www.sonmatclean.com/S2023102748fb385e60340/8413d803fc46d.html]
[www.sonmatclean.com/S2023102748fb385e60340/351014b757c31.html]
[www.sonmatclean.com/S2023102748fb385e60340/179c8b8c10438.html]
[www.sonmatclean.com/S2023102748fb385e60340/160a988c9c24f.html]
[www.sonmatclean.com/S2023102748fb385e60340/5ca2c2adbb995.html]
[www.sonmatclean.com/S2023102748fb385e60340/0c3f8af913b09.html]
[www.sonmatclean.com/S2023102748fb385e60340/3a668d8762ba1.html]
[www.sonmatclean.com/S2023102748fb385e60340/169b370ec1526.html]
[www.sonmatclean.com/S2023102748fb385e60340/5153bbe1e90cd.html]
[www.sonmatclean.com/S2023102748fb385e60340/37f005b8c5cb2.html]
[www.sonmatclean.com/S2023102748fb385e60340/3a460ddca03b0.html]
[www.sonmatclean.com/S2023102748fb385e60340/6eadac1be3fa4.html]
[www.sonmatclean.com/S2023102748fb385e60340/c2ff2fe0d51a3.html]
[www.sonmatclean.com/S2023102748fb385e60340/a5c3a7b93b62e.html]
[www.sonmatclean.com/S2023102748fb385e60340/40ce881876bc3.html]
[www.sonmatclean.com/S2023102748fb385e60340/8afa82bddcd04.html]
[www.sonmatclean.com/S2023102748fb385e60340/84ca0d6177ec5.html]
[www.sonmatclean.com/S2023102748fb385e60340/08b8ac49b12ea.html]
[www.sonmatclean.com/S2023102748fb385e60340/ff6fe7f0e5b82.html]
[www.sonmatclean.com/S2023102748fb385e60340/7b2b1584e5e97.html]
[www.sonmatclean.com/S2023102748fb385e60340/6a7883f69ff4d.html]
[www.sonmatclean.com/S2023102748fb385e60340/27be45126fc39.html]
[www.sonmatclean.com/S2023102748fb385e60340/0e2b297bda822.html]
[www.sonmatclean.com/S2023102748fb385e60340/095bdb614a69d.html]
[www.sonmatclean.com/S2023102748fb385e60340/091a1092dcb6d.html]
[www.sonmatclean.com/S2023102748fb385e60340/af8e4b25069bd.html]
[www.sonmatclean.com/S2023102748fb385e60340/3cb00e83b12d4.html]
[www.sonmatclean.com/S2023102748fb385e60340/f1f3376cd30c8.html]
[www.sonmatclean.com/S2023102748fb385e60340/e0aa7426db4bc.html]
[www.sonmatclean.com/S2023102748fb385e60340/37a0e61d6fa68.html]
[www.sonmatclean.com/S2023102748fb385e60340/f75d94dff22c4.html]
[www.sonmatclean.com/LzQ0.html]
[www.sonmatclean.com/logoutbcae.html]
[www.sonmatclean.com/S2023102748fb385e60340/02010fb0de637.html]
[www.sonmatclean.com/S2023102748fb385e60340/0e9ea93db3a5e.html]
[www.sonmatclean.com/S2023102748fb385e60340/d2038952f13bb.html]
[www.sonmatclean.com/S2023102748fb385e60340/27b78f31ebc55.html]
[www.sonmatclean.com/S2023102748fb385e60340/2e977ebe2da9c.html]
[www.sonmatclean.com/S2023102748fb385e60340/c18467c09d189.html]
[www.sonmatclean.com/S2023102748fb385e60340/e2bbb4a9124c2.html]
[www.sonmatclean.com/S2023102748fb385e60340/925e681468966.html]
[www.sonmatclean.com/LzQ1.html]
[www.sonmatclean.com/logout71ae.html]
[www.sonmatclean.com/S2023102748fb385e60340/c26dd6865893e.html]
[www.sonmatclean.com/S2023102748fb385e60340/930f544720c26.html]
[www.sonmatclean.com/S2023102748fb385e60340/57a8230639db7.html]
[www.sonmatclean.com/S2023102748fb385e60340/4feca168b8838.html]
[www.sonmatclean.com/S2023102748fb385e60340/d0582e5fcdc44.html]
[www.sonmatclean.com/S2023102748fb385e60340/bf1ede28d6266.html]
[www.sonmatclean.com/S2023102748fb385e60340/e8138b2845ba0.html]
[www.sonmatclean.com/S2023102748fb385e60340/6b8c8254deb44.html]
[www.sonmatclean.com/S2023102748fb385e60340/f892f6fd25e1a.html]
[www.sonmatclean.com/S2023102748fb385e60340/7b3449845b47e.html]
[www.sonmatclean.com/S2023102748fb385e60340/c8d818e956a6d.html]
[www.sonmatclean.com/S2023102748fb385e60340/d00ca5f9f6c77.html]
[www.sonmatclean.com/S2023102748fb385e60340/14baced7af325.html]
[www.sonmatclean.com/S2023102748fb385e60340/a4b4d7707245c.html]
[www.sonmatclean.com/LzQ3.html]
[www.sonmatclean.com/logoutac9b.html]
[www.sonmatclean.com/S2023102748fb385e60340/6f877fee17408.html]
[www.sonmatclean.com/S2023102748fb385e60340/3549517e84377.html]
[www.sonmatclean.com/S2023102748fb385e60340/4f23af570166e.html]
[www.sonmatclean.com/S2023102748fb385e60340/437a4fe2ca7eb.html]
[www.sonmatclean.com/S2023102748fb385e60340/70ba4da19866f.html]
[www.sonmatclean.com/S2023102748fb385e60340/add24114a27b2.html]
[www.sonmatclean.com/S2023102748fb385e60340/57a4a673de716.html]
[www.sonmatclean.com/S2023102748fb385e60340/5117c1f9605ef.html]
[www.sonmatclean.com/S2023102748fb385e60340/6a379afad9aca.html]
[www.sonmatclean.com/S2023102748fb385e60340/46cc9d6b0204a.html]
[www.sonmatclean.com/LzI5.html]
[www.sonmatclean.com/logout0786.html]
